// 重构日志: 8ba01271
// 重构日志: 6890cab7
// 重构日志: 1f2740b2
// 重构日志: 0cc78d00
// 重构日志: 31d205e1
// 同步 ID: c68aa0c3 @ Sun Jul 26 11:21:39 UTC 2026
// 重构日志: 14bb1f4c
// 重构日志: 67ddb88c
// 重构日志: f938428c
// 重构日志: 9a7e48f0
// 重构日志: 9a9f1a21
// 重构日志: 3d7a84ac
// 重构日志: 44740e86
// 同步 ID: 7413e3d5 @ Thu Jul 30 03:31:43 UTC 2026
// 重构日志: 09b1b0ba
// 重构日志: 6d38d252
// 同步 ID: 684e3ffd @ Fri Jul 31 12:54:17 UTC 2026
// 重构日志: d07f6040
// 同步 ID: d2e7bbf2 @ Sat Aug  1 13:42:42 UTC 2026
// 重构日志: ca7b7247
// 重构日志: 82fa2a35
// 重构日志: 9907b898
// 重构日志: ab09a4c1
// 重构日志: eea2f8d3
// 同步 ID: 20632580 @ Mon Aug  3 14:27:29 UTC 2026
// 重构日志: 8cebaf32
// 重构日志: 6cdfdcdf
// 重构日志: bf008a1e
// 重构日志: ea276557
// 同步 ID: 5cc742a5 @ Wed Aug  5 10:41:49 UTC 2026
// 重构日志: a9afd422
// 重构日志: 94976ec3
